// Jest Snapshot v1, https://jestjs.io/docs/snapshot-testing

exports[`ProfilePage ProfilePage matches snapshot 1`] = `
<DocumentFragment>
  <div
    class="MuiContainer-root MuiContainer-maxWidthLg css-ecq1p2-MuiContainer-root"
  >
    <div
      class="MuiPaper-root MuiPaper-elevation MuiPaper-rounded MuiPaper-elevation0 css-1if9ram-MuiPaper-root"
      style="--Paper-shadow: none;"
    >
      <div
        class="MuiBox-root css-1a4a0j7"
      >
        <div
          class="MuiBox-root css-1si5xjn"
        >
          <svg
            aria-hidden="true"
            class="MuiSvgIcon-root MuiSvgIcon-fontSizeMedium css-dskzcr-MuiSvgIcon-root"
            data-testid="LocalMoviesIcon"
            focusable="false"
            viewBox="0 0 24 24"
          >
            <path
              d="M18 3v2h-2V3H8v2H6V3H4v18h2v-2h2v2h8v-2h2v2h2V3zM8 17H6v-2h2zm0-4H6v-2h2zm0-4H6V7h2zm10 8h-2v-2h2zm0-4h-2v-2h2zm0-4h-2V7h2z"
            />
          </svg>
          <h4
            class="MuiTypography-root MuiTypography-h4 css-16rlh98-MuiTypography-root"
          >
            Axels Cinema
          </h4>
        </div>
      </div>
    </div>
    <div
      class="MuiBox-root css-1i9q05n"
    >
      <div
        class="MuiPaper-root MuiPaper-elevation MuiPaper-rounded MuiPaper-elevation0 css-xl3s1h-MuiPaper-root"
        style="--Paper-shadow: none;"
      >
        <div
          class="MuiBox-root css-zq8ft6"
        >
          <div
            class="MuiBox-root css-1ahq023"
          >
            <div
              class="MuiAvatar-root MuiAvatar-circular css-a4aai9-MuiAvatar-root"
            >
              <img
                alt="John Doe"
                class="MuiAvatar-img css-1su80sj-MuiAvatar-img"
                src="https://placehold.co/200x200"
              />
            </div>
          </div>
          <div
            class="MuiBox-root css-1cia73e"
          >
            <h3
              class="MuiTypography-root MuiTypography-h3 css-10ohj4z-MuiTypography-root"
            >
              John Doe
            </h3>
            <div
              class="MuiBox-root css-18v1m3d"
            >
              <span>
                <svg
                  aria-hidden="true"
                  class="MuiSvgIcon-root MuiSvgIcon-fontSizeMedium css-1umw9bq-MuiSvgIcon-root"
                  data-testid="CalendarTodayIcon"
                  focusable="false"
                  viewBox="0 0 24 24"
                >
                  <path
                    d="M20 3h-1V1h-2v2H7V1H5v2H4c-1.1 0-2 .9-2 2v16c0 1.1.9 2 2 2h16c1.1 0 2-.9 2-2V5c0-1.1-.9-2-2-2m0 18H4V8h16z"
                  />
                </svg>
                 Member since January 1, 2025
              </span>
            </div>
            <div
              class="MuiBox-root css-18v1m3d"
            >
              <span>
                <svg
                  aria-hidden="true"
                  class="MuiSvgIcon-root MuiSvgIcon-fontSizeMedium css-1umw9bq-MuiSvgIcon-root"
                  data-testid="EmailOutlinedIcon"
                  focusable="false"
                  viewBox="0 0 24 24"
                >
                  <path
                    d="M22 6c0-1.1-.9-2-2-2H4c-1.1 0-2 .9-2 2v12c0 1.1.9 2 2 2h16c1.1 0 2-.9 2-2zm-2 0-8 5-8-5zm0 12H4V8l8 5 8-5z"
                  />
                </svg>
                john.doe@example.com
              </span>
            </div>
            <div
              class="MuiBox-root css-18v1m3d"
            >
              <span>
                <svg
                  aria-hidden="true"
                  class="MuiSvgIcon-root MuiSvgIcon-fontSizeMedium css-1umw9bq-MuiSvgIcon-root"
                  data-testid="PhoneIphoneIcon"
                  focusable="false"
                  viewBox="0 0 24 24"
                >
                  <path
                    d="M15.5 1h-8C6.12 1 5 2.12 5 3.5v17C5 21.88 6.12 23 7.5 23h8c1.38 0 2.5-1.12 2.5-2.5v-17C18 2.12 16.88 1 15.5 1m-4 21c-.83 0-1.5-.67-1.5-1.5s.67-1.5 1.5-1.5 1.5.67 1.5 1.5-.67 1.5-1.5 1.5m4.5-4H7V4h9z"
                  />
                </svg>
                +1234567890
              </span>
            </div>
          </div>
          <div
            class="MuiBox-root css-wz640b"
          >
            <button
              class="MuiButtonBase-root MuiButton-root MuiButton-contained MuiButton-containedPrimary MuiButton-sizeMedium MuiButton-containedSizeMedium MuiButton-colorPrimary MuiButton-root MuiButton-contained MuiButton-containedPrimary MuiButton-sizeMedium MuiButton-containedSizeMedium MuiButton-colorPrimary css-1fz3lje-MuiButtonBase-root-MuiButton-root"
              tabindex="0"
              type="button"
            >
              Log Out
            </button>
          </div>
        </div>
      </div>
      <div
        class="MuiBox-root css-aq0ht4"
      >
        <div
          class="MuiPaper-root MuiPaper-elevation MuiPaper-rounded MuiPaper-elevation1 MuiCard-root css-18586xc-MuiPaper-root-MuiCard-root"
          style="--Paper-shadow: 0px 2px 1px -1px rgba(0,0,0,0.2),0px 1px 1px 0px rgba(0,0,0,0.14),0px 1px 3px 0px rgba(0,0,0,0.12);"
        >
          <svg
            aria-hidden="true"
            class="MuiSvgIcon-root MuiSvgIcon-fontSizeMedium css-1umw9bq-MuiSvgIcon-root"
            data-testid="MovieCreationIcon"
            focusable="false"
            viewBox="0 0 24 24"
          >
            <path
              d="m18 4 2 4h-3l-2-4h-2l2 4h-3l-2-4H8l2 4H7L5 4H4c-1.1 0-1.99.9-1.99 2L2 18c0 1.1.9 2 2 2h16c1.1 0 2-.9 2-2V4z"
            />
          </svg>
          <p
            class="MuiTypography-root MuiTypography-body2 css-11j3a11-MuiTypography-root"
          >
            Movies watched
          </p>
          <h5
            class="MuiTypography-root MuiTypography-h5 css-klbqma-MuiTypography-root"
          >
            7
          </h5>
        </div>
        <div
          class="MuiPaper-root MuiPaper-elevation MuiPaper-rounded MuiPaper-elevation1 MuiCard-root css-18586xc-MuiPaper-root-MuiCard-root"
          style="--Paper-shadow: 0px 2px 1px -1px rgba(0,0,0,0.2),0px 1px 1px 0px rgba(0,0,0,0.14),0px 1px 3px 0px rgba(0,0,0,0.12);"
        >
          <svg
            aria-hidden="true"
            class="MuiSvgIcon-root MuiSvgIcon-fontSizeMedium css-1umw9bq-MuiSvgIcon-root"
            data-testid="EventSeatIcon"
            focusable="false"
            viewBox="0 0 24 24"
          >
            <path
              d="M4 18v3h3v-3h10v3h3v-6H4zm15-8h3v3h-3zM2 10h3v3H2zm15 3H7V5c0-1.1.9-2 2-2h6c1.1 0 2 .9 2 2z"
            />
          </svg>
          <p
            class="MuiTypography-root MuiTypography-body2 css-11j3a11-MuiTypography-root"
          >
            Seats booked
          </p>
          <h5
            class="MuiTypography-root MuiTypography-h5 css-klbqma-MuiTypography-root"
          >
            14
          </h5>
        </div>
        <div
          class="MuiPaper-root MuiPaper-elevation MuiPaper-rounded MuiPaper-elevation1 MuiCard-root css-18586xc-MuiPaper-root-MuiCard-root"
          style="--Paper-shadow: 0px 2px 1px -1px rgba(0,0,0,0.2),0px 1px 1px 0px rgba(0,0,0,0.14),0px 1px 3px 0px rgba(0,0,0,0.12);"
        >
          <svg
            aria-hidden="true"
            class="MuiSvgIcon-root MuiSvgIcon-fontSizeMedium css-1umw9bq-MuiSvgIcon-root"
            data-testid="CreditCardIcon"
            focusable="false"
            viewBox="0 0 24 24"
          >
            <path
              d="M20 4H4c-1.11 0-1.99.89-1.99 2L2 18c0 1.11.89 2 2 2h16c1.11 0 2-.89 2-2V6c0-1.11-.89-2-2-2m0 14H4v-6h16zm0-10H4V6h16z"
            />
          </svg>
          <p
            class="MuiTypography-root MuiTypography-body2 css-11j3a11-MuiTypography-root"
          >
            Total spent
          </p>
          <h5
            class="MuiTypography-root MuiTypography-h5 css-klbqma-MuiTypography-root"
          >
            $175
          </h5>
        </div>
      </div>
      <div
        class="MuiBox-root css-1uauf8v"
      >
        <div
          class="MuiPaper-root MuiPaper-elevation MuiPaper-rounded MuiPaper-elevation0 css-140ki2b-MuiPaper-root"
          style="--Paper-shadow: none;"
        >
          <h6
            class="MuiTypography-root MuiTypography-h6 css-dy3iry-MuiTypography-root"
          >
            <svg
              aria-hidden="true"
              class="MuiSvgIcon-root MuiSvgIcon-fontSizeMedium css-1umw9bq-MuiSvgIcon-root"
              data-testid="ConfirmationNumberOutlinedIcon"
              focusable="false"
              viewBox="0 0 24 24"
            >
              <path
                d="M22 10V6c0-1.11-.9-2-2-2H4c-1.1 0-1.99.89-1.99 2v4c1.1 0 1.99.9 1.99 2s-.89 2-2 2v4c0 1.1.9 2 2 2h16c1.1 0 2-.9 2-2v-4c-1.1 0-2-.9-2-2s.9-2 2-2m-2-1.46c-1.19.69-2 1.99-2 3.46s.81 2.77 2 3.46V18H4v-2.54c1.19-.69 2-1.99 2-3.46 0-1.48-.8-2.77-1.99-3.46L4 6h16zM11 15h2v2h-2zm0-4h2v2h-2zm0-4h2v2h-2z"
              />
            </svg>
             Upcoming session
          </h6>
          <div
            class="MuiBox-root css-e3kqig"
          >
            <h6
              class="MuiTypography-root MuiTypography-subtitle1 css-s0aj0s-MuiTypography-root"
            >
              Neon City Chronicles
            </h6>
            <div
              class="MuiBox-root css-33bfkn"
            >
              <span>
                <svg
                  aria-hidden="true"
                  class="MuiSvgIcon-root MuiSvgIcon-fontSizeMedium css-1umw9bq-MuiSvgIcon-root"
                  data-testid="CalendarTodayIcon"
                  focusable="false"
                  viewBox="0 0 24 24"
                >
                  <path
                    d="M20 3h-1V1h-2v2H7V1H5v2H4c-1.1 0-2 .9-2 2v16c0 1.1.9 2 2 2h16c1.1 0 2-.9 2-2V5c0-1.1-.9-2-2-2m0 18H4V8h16z"
                  />
                </svg>
                 Feb 8, 2026
              </span>
              <span>
                <svg
                  aria-hidden="true"
                  class="MuiSvgIcon-root MuiSvgIcon-fontSizeMedium css-1umw9bq-MuiSvgIcon-root"
                  data-testid="AccessTimeIcon"
                  focusable="false"
                  viewBox="0 0 24 24"
                >
                  <path
                    d="M11.99 2C6.47 2 2 6.48 2 12s4.47 10 9.99 10C17.52 22 22 17.52 22 12S17.52 2 11.99 2M12 20c-4.42 0-8-3.58-8-8s3.58-8 8-8 8 3.58 8 8-3.58 8-8 8"
                  />
                  <path
                    d="M12.5 7H11v6l5.25 3.15.75-1.23-4.5-2.67z"
                  />
                </svg>
                 20:15
              </span>
              <span>
                <svg
                  aria-hidden="true"
                  class="MuiSvgIcon-root MuiSvgIcon-fontSizeMedium css-1umw9bq-MuiSvgIcon-root"
                  data-testid="EventSeatIcon"
                  focusable="false"
                  viewBox="0 0 24 24"
                >
                  <path
                    d="M4 18v3h3v-3h10v3h3v-6H4zm15-8h3v3h-3zM2 10h3v3H2zm15 3H7V5c0-1.1.9-2 2-2h6c1.1 0 2 .9 2 2z"
                  />
                </svg>
                 D07, D08
              </span>
            </div>
          </div>
        </div>
      </div>
    </div>
  </div>
</DocumentFragment>
`;
