// Jest Snapshot v1, https://jestjs.io/docs/snapshot-testing

exports[`MovieSessions SessionPage matches snapshot 1`] = `
<DocumentFragment>
  <div
    class="MuiPaper-root MuiPaper-elevation MuiPaper-rounded MuiPaper-elevation1 css-lpu95-MuiPaper-root"
    style="--Paper-shadow: 0px 2px 1px -1px rgba(0,0,0,0.2),0px 1px 1px 0px rgba(0,0,0,0.14),0px 1px 3px 0px rgba(0,0,0,0.12);"
  >
    <div
      class="MuiPaper-root MuiPaper-elevation MuiPaper-rounded MuiPaper-elevation2 css-1xhnnk9-MuiPaper-root"
      style="--Paper-shadow: 0px 3px 1px -2px rgba(0,0,0,0.2),0px 2px 2px 0px rgba(0,0,0,0.14),0px 1px 5px 0px rgba(0,0,0,0.12);"
    >
      <div
        class="MuiBox-root css-7og2sn"
      >
        <svg
          aria-hidden="true"
          class="MuiSvgIcon-root MuiSvgIcon-fontSizeMedium css-1umw9bq-MuiSvgIcon-root"
          data-testid="LocalMoviesIcon"
          focusable="false"
          viewBox="0 0 24 24"
        >
          <path
            d="M18 3v2h-2V3H8v2H6V3H4v18h2v-2h2v2h8v-2h2v2h2V3zM8 17H6v-2h2zm0-4H6v-2h2zm0-4H6V7h2zm10 8h-2v-2h2zm0-4h-2v-2h2zm0-4h-2V7h2z"
          />
        </svg>
        <h4
          class="MuiTypography-root MuiTypography-h4 css-16rlh98-MuiTypography-root"
        >
          Axels Cinema Booking
        </h4>
      </div>
    </div>
    <div
      class="MuiBox-root css-r32ezy"
    >
      <div
        class="MuiBox-root css-1hls2az"
      >
        <svg
          aria-hidden="true"
          class="MuiSvgIcon-root MuiSvgIcon-fontSizeMedium css-1umw9bq-MuiSvgIcon-root"
          data-testid="EventIcon"
          focusable="false"
          viewBox="0 0 24 24"
        >
          <path
            d="M17 12h-5v5h5zM16 1v2H8V1H6v2H5c-1.11 0-1.99.9-1.99 2L3 19c0 1.1.89 2 2 2h14c1.1 0 2-.9 2-2V5c0-1.1-.9-2-2-2h-1V1zm3 18H5V8h14z"
          />
        </svg>
        <p
          class="MuiTypography-root MuiTypography-body1 css-nik9z3-MuiTypography-root"
        >
          Select a date
        </p>
      </div>
      <div
        class="MuiBox-root css-j1t9cb"
      >
        <div
          class="MuiPaper-root MuiPaper-elevation MuiPaper-rounded MuiPaper-elevation8 css-1bky93q-MuiPaper-root"
          style="--Paper-shadow: 0px 5px 5px -3px rgba(0,0,0,0.2),0px 8px 10px 1px rgba(0,0,0,0.14),0px 3px 14px 2px rgba(0,0,0,0.12);"
        >
          <p
            class="MuiTypography-root MuiTypography-body1 css-wjy9uy-MuiTypography-root"
          >
            Sat
          </p>
          <p
            class="MuiTypography-root MuiTypography-body1 css-1g2s6y4-MuiTypography-root"
          >
            10
          </p>
          <p
            class="MuiTypography-root MuiTypography-body1 css-w56jqw-MuiTypography-root"
          >
            Jan
          </p>
        </div>
        <div
          class="MuiPaper-root MuiPaper-elevation MuiPaper-rounded MuiPaper-elevation2 css-fz9g56-MuiPaper-root"
          style="--Paper-shadow: 0px 3px 1px -2px rgba(0,0,0,0.2),0px 2px 2px 0px rgba(0,0,0,0.14),0px 1px 5px 0px rgba(0,0,0,0.12);"
        >
          <p
            class="MuiTypography-root MuiTypography-body1 css-1buqmg0-MuiTypography-root"
          >
            Sun
          </p>
          <p
            class="MuiTypography-root MuiTypography-body1 css-4zuuf6-MuiTypography-root"
          >
            11
          </p>
          <p
            class="MuiTypography-root MuiTypography-body1 css-10d1e9g-MuiTypography-root"
          >
            Jan
          </p>
        </div>
      </div>
    </div>
    <div
      class="MuiBox-root css-r32ezy"
    >
      <h5
        class="MuiTypography-root MuiTypography-h5 css-1vygv7p-MuiTypography-root"
      >
        <svg
          aria-hidden="true"
          class="MuiSvgIcon-root MuiSvgIcon-colorPrimary MuiSvgIcon-fontSizeMedium css-1wtp6o0-MuiSvgIcon-root"
          data-testid="AccessTimeIcon"
          focusable="false"
          viewBox="0 0 24 24"
        >
          <path
            d="M11.99 2C6.47 2 2 6.48 2 12s4.47 10 9.99 10C17.52 22 22 17.52 22 12S17.52 2 11.99 2M12 20c-4.42 0-8-3.58-8-8s3.58-8 8-8 8 3.58 8 8-3.58 8-8 8"
          />
          <path
            d="M12.5 7H11v6l5.25 3.15.75-1.23-4.5-2.67z"
          />
        </svg>
        Select a session time
      </h5>
      <div
        class="MuiBox-root css-2m0knt"
      >
        <div
          class="MuiBox-root css-1hxb7hn"
        >
          <div
            class="MuiPaper-root MuiPaper-elevation MuiPaper-rounded MuiPaper-elevation1 MuiCard-root css-oyvguh-MuiPaper-root-MuiCard-root"
            style="--Paper-shadow: 0px 2px 1px -1px rgba(0,0,0,0.2),0px 1px 1px 0px rgba(0,0,0,0.14),0px 1px 3px 0px rgba(0,0,0,0.12);"
          >
            <div
              class="MuiBox-root css-v8fmzi"
            >
              <svg
                aria-hidden="true"
                class="MuiSvgIcon-root MuiSvgIcon-colorPrimary MuiSvgIcon-fontSizeMedium css-1wtp6o0-MuiSvgIcon-root"
                data-testid="AccessTimeIcon"
                focusable="false"
                viewBox="0 0 24 24"
              >
                <path
                  d="M11.99 2C6.47 2 2 6.48 2 12s4.47 10 9.99 10C17.52 22 22 17.52 22 12S17.52 2 11.99 2M12 20c-4.42 0-8-3.58-8-8s3.58-8 8-8 8 3.58 8 8-3.58 8-8 8"
                />
                <path
                  d="M12.5 7H11v6l5.25 3.15.75-1.23-4.5-2.67z"
                />
              </svg>
              <p
                class="MuiTypography-root MuiTypography-body1 css-p1zs2v-MuiTypography-root"
              >
                14:00
              </p>
            </div>
          </div>
        </div>
        <div
          class="MuiBox-root css-1hxb7hn"
        >
          <div
            class="MuiPaper-root MuiPaper-elevation MuiPaper-rounded MuiPaper-elevation1 MuiCard-root css-oyvguh-MuiPaper-root-MuiCard-root"
            style="--Paper-shadow: 0px 2px 1px -1px rgba(0,0,0,0.2),0px 1px 1px 0px rgba(0,0,0,0.14),0px 1px 3px 0px rgba(0,0,0,0.12);"
          >
            <div
              class="MuiBox-root css-v8fmzi"
            >
              <svg
                aria-hidden="true"
                class="MuiSvgIcon-root MuiSvgIcon-colorPrimary MuiSvgIcon-fontSizeMedium css-1wtp6o0-MuiSvgIcon-root"
                data-testid="AccessTimeIcon"
                focusable="false"
                viewBox="0 0 24 24"
              >
                <path
                  d="M11.99 2C6.47 2 2 6.48 2 12s4.47 10 9.99 10C17.52 22 22 17.52 22 12S17.52 2 11.99 2M12 20c-4.42 0-8-3.58-8-8s3.58-8 8-8 8 3.58 8 8-3.58 8-8 8"
                />
                <path
                  d="M12.5 7H11v6l5.25 3.15.75-1.23-4.5-2.67z"
                />
              </svg>
              <p
                class="MuiTypography-root MuiTypography-body1 css-p1zs2v-MuiTypography-root"
              >
                18:00
              </p>
            </div>
          </div>
        </div>
      </div>
    </div>
  </div>
</DocumentFragment>
`;
