// Jest Snapshot v1, https://jestjs.io/docs/snapshot-testing

exports[`SessionsPage SessionPage matches snapshot 1`] = `
<DocumentFragment>
  <div
    class="MuiPaper-root MuiPaper-elevation MuiPaper-rounded MuiPaper-elevation1 css-lpu95-MuiPaper-root"
    style="--Paper-shadow: 0px 2px 1px -1px rgba(0,0,0,0.2),0px 1px 1px 0px rgba(0,0,0,0.14),0px 1px 3px 0px rgba(0,0,0,0.12);"
  >
    <div
      class="MuiPaper-root MuiPaper-elevation MuiPaper-rounded MuiPaper-elevation2 css-zp08zq-MuiPaper-root"
      style="--Paper-shadow: 0px 3px 1px -2px rgba(0,0,0,0.2),0px 2px 2px 0px rgba(0,0,0,0.14),0px 1px 5px 0px rgba(0,0,0,0.12);"
    >
      <div
        class="MuiBox-root css-7og2sn"
      >
        <svg
          aria-hidden="true"
          class="MuiSvgIcon-root MuiSvgIcon-fontSizeMedium css-1umw9bq-MuiSvgIcon-root"
          data-testid="LocalMoviesIcon"
          focusable="false"
          viewBox="0 0 24 24"
        >
          <path
            d="M18 3v2h-2V3H8v2H6V3H4v18h2v-2h2v2h8v-2h2v2h2V3zM8 17H6v-2h2zm0-4H6v-2h2zm0-4H6V7h2zm10 8h-2v-2h2zm0-4h-2v-2h2zm0-4h-2V7h2z"
          />
        </svg>
        <h4
          class="MuiTypography-root MuiTypography-h4 css-16rlh98-MuiTypography-root"
        >
          Axels Cinema Booking
        </h4>
      </div>
    </div>
    <div
      class="MuiBox-root css-r32ezy"
    >
      <h4
        class="MuiTypography-root MuiTypography-h4 css-1b3xv62-MuiTypography-root"
      >
        Select a date
      </h4>
      <div
        class="MuiGrid-root MuiGrid-container MuiGrid-direction-xs-row MuiGrid-spacing-xs-2 css-vs0dty-MuiGrid-root"
      >
        <div
          class="MuiButtonBase-root MuiChip-root MuiChip-outlined MuiChip-sizeMedium MuiChip-colorDefault MuiChip-clickable MuiChip-clickableColorDefault MuiChip-outlinedDefault css-1hk5s8o-MuiButtonBase-root-MuiChip-root"
          role="button"
          tabindex="0"
        >
          <span
            class="MuiChip-label MuiChip-labelMedium css-16cgrcw-MuiChip-label"
          >
            Sat, Jan 10
          </span>
        </div>
        <div
          class="MuiButtonBase-root MuiChip-root MuiChip-filled MuiChip-sizeMedium MuiChip-colorPrimary MuiChip-clickable MuiChip-clickableColorPrimary MuiChip-filledPrimary css-ef1zlr-MuiButtonBase-root-MuiChip-root"
          role="button"
          tabindex="0"
        >
          <span
            class="MuiChip-label MuiChip-labelMedium css-1dybbl5-MuiChip-label"
          >
            Sun, Jan 11
          </span>
        </div>
      </div>
    </div>
    <div
      class="MuiBox-root css-r32ezy"
    >
      <h4
        class="MuiTypography-root MuiTypography-h4 css-1b3xv62-MuiTypography-root"
      >
        Select a session time
      </h4>
      <div
        class="MuiGrid-root MuiGrid-container MuiGrid-direction-xs-row MuiGrid-spacing-xs-2 css-zjhuaj-MuiGrid-root"
      >
        <div
          class="MuiGrid-root MuiGrid-direction-xs-row MuiGrid-grid-xs-12 MuiGrid-grid-sm-6 MuiGrid-grid-md-4 css-h3cks1-MuiGrid-root"
        >
          <div
            class="MuiPaper-root MuiPaper-elevation MuiPaper-rounded MuiPaper-elevation1 MuiCard-root css-vwkpac-MuiPaper-root-MuiCard-root"
            style="--Paper-shadow: 0px 2px 1px -1px rgba(0,0,0,0.2),0px 1px 1px 0px rgba(0,0,0,0.14),0px 1px 3px 0px rgba(0,0,0,0.12);"
          >
            <div
              class="MuiBox-root css-v8fmzi"
            >
              <svg
                aria-hidden="true"
                class="MuiSvgIcon-root MuiSvgIcon-colorPrimary MuiSvgIcon-fontSizeMedium css-1wtp6o0-MuiSvgIcon-root"
                data-testid="AccessTimeIcon"
                focusable="false"
                viewBox="0 0 24 24"
              >
                <path
                  d="M11.99 2C6.47 2 2 6.48 2 12s4.47 10 9.99 10C17.52 22 22 17.52 22 12S17.52 2 11.99 2M12 20c-4.42 0-8-3.58-8-8s3.58-8 8-8 8 3.58 8 8-3.58 8-8 8"
                />
                <path
                  d="M12.5 7H11v6l5.25 3.15.75-1.23-4.5-2.67z"
                />
              </svg>
              <h5
                class="MuiTypography-root MuiTypography-h5 css-16f4sel-MuiTypography-root"
              >
                20:00
              </h5>
            </div>
          </div>
        </div>
      </div>
    </div>
  </div>
</DocumentFragment>
`;
