// Jest Snapshot v1, https://jestjs.io/docs/snapshot-testing

exports[`Header Header matches snapshot 1`] = `
<DocumentFragment>
  <div
    class="MuiPaper-root MuiPaper-elevation MuiPaper-rounded MuiPaper-elevation0 css-1if9ram-MuiPaper-root"
    style="--Paper-shadow: none;"
  >
    <div
      class="MuiBox-root css-dfnvra"
    >
      <div
        class="MuiBox-root css-1si5xjn"
      >
        <svg
          aria-hidden="true"
          class="MuiSvgIcon-root MuiSvgIcon-fontSizeMedium css-dskzcr-MuiSvgIcon-root"
          data-testid="LocalMoviesIcon"
          focusable="false"
          viewBox="0 0 24 24"
        >
          <path
            d="M18 3v2h-2V3H8v2H6V3H4v18h2v-2h2v2h8v-2h2v2h2V3zM8 17H6v-2h2zm0-4H6v-2h2zm0-4H6V7h2zm10 8h-2v-2h2zm0-4h-2v-2h2zm0-4h-2V7h2z"
          />
        </svg>
        <h4
          class="MuiTypography-root MuiTypography-h4 css-16rlh98-MuiTypography-root"
        >
          Axels Cinema
        </h4>
      </div>
      <button
        class="MuiButtonBase-root MuiButton-root MuiButton-outlined MuiButton-outlinedPrimary MuiButton-sizeMedium MuiButton-outlinedSizeMedium MuiButton-colorPrimary MuiButton-root MuiButton-outlined MuiButton-outlinedPrimary MuiButton-sizeMedium MuiButton-outlinedSizeMedium MuiButton-colorPrimary css-1tgkpxd-MuiButtonBase-root-MuiButton-root"
        tabindex="0"
        type="button"
      >
        Login
      </button>
    </div>
  </div>
</DocumentFragment>
`;
